[
  {
    "Severity": "error",
    "Path": "gate[0]",
    "Code": "AWF1013",
    "Message": "gate.generate must be non-empty"
  },
  {
    "Severity": "warning",
    "Path": "gate[0].evaluate.j",
    "Code": "AWF3006",
    "Message": "code step declares output_schema but its run script never writes $AWF_OUTPUT"
  }
]
