[
  {
    "severity": "error",
    "path": "map[0]",
    "code": "AWF1012",
    "message": "map missing a required field: `as:`"
  },
  {
    "severity": "error",
    "path": "map[0]",
    "code": "AWF1012",
    "message": "map missing a required field: `container:`"
  },
  {
    "severity": "error",
    "path": "map[0]",
    "code": "AWF1012",
    "message": "map missing a required field: `over:`"
  }
]
