[
  {
    "Severity": "error",
    "Path": "a",
    "Code": "AWF1027",
    "Message": "continues target does not dominate this turn (must precede it in document order and every gate/map/loop/if-branch scope enclosing the target must also enclose this turn — forward/self refs, sibling branches, and gate/map/loop-internal targets are rejected) (continues: \"b\")"
  },
  {
    "Severity": "error",
    "Path": "a",
    "Code": "AWF1028",
    "Message": "continues links form a cycle"
  }
]
