[
  {
    "severity": "error",
    "path": "gate[0]",
    "code": "AWF1013",
    "message": "gate.generate must be non-empty"
  },
  {
    "severity": "warning",
    "path": "gate[0].evaluate.j",
    "code": "AWF3006",
    "message": "code step declares output_schema but its run script never writes $AWF_OUTPUT"
  }
]
