[
  {
    "severity": "error",
    "path": "a.output_schema",
    "code": "AWF2001",
    "message": "\"inline://schema#\" is not valid against metaschema: jsonschema validation failed with 'https://json-schema.org/draft/2020-12/schema#'\n- at '': 'allOf' failed\n  - at '/type': 'anyOf' failed\n    - at '/type': value must be one of 'array', 'boolean', 'integer', 'null', 'number', 'object', 'string'\n    - at '/type': got string, want array"
  },
  {
    "severity": "warning",
    "path": "a",
    "code": "AWF3006",
    "message": "code step declares output_schema but its run script never writes $AWF_OUTPUT"
  }
]
