[
  {
    "Severity": "warning",
    "Path": "a.output_schema",
    "Code": "AWF2002",
    "Message": "oneOf not allowed (forbidden by §7 floor)"
  },
  {
    "Severity": "warning",
    "Path": "a",
    "Code": "AWF3002",
    "Message": "agent output_schema declared but no reference into it (step \"a\")"
  }
]
